[em.logosny.org/index.html]
[em.logosny.org/wp-content/uploads/2016/09/LCC-Logo-Icon.png]
[em.logosny.org/wp-content/uploads/2016/09/LCC-Logo-Icon-1-e1474693015954.png]
[em.logosny.org/wp-content/uploads/2016/09/LCC-Logo-Icon-2-e1474693060466.png]
[em.logosny.org/wp-content/uploads/2016/09/LCC-Logo-Icon-3-e1474693080636.png]
[em.logosny.org/wp-content/uploads/2016/09/LCC-Logo-Icon-4-e1474693092370.png]
[backblue.gif]
[fade.gif]
[index.html]
[ajax.googleapis.com/ajax/libs/webfont/1.5.3/webfont.js]
[em.logosny.org/feed.html]
[em.logosny.org/comments/feed.html]
[em.logosny.org/home/feed.html]
[em.logosny.org/wp-includes/js/jquery/jquery4a5f.js]
[em.logosny.org/wp-includes/js/jquery/jquery-migrate.min330a.js]
[em.logosny.org/wp-content/themes/NativeChurch/assets/js/ajax-login-script0606.js]
[em.logosny.org/wp-content/plugins/revslider/public/assets/js/jquery.themepunch.tools.min5223.js]
[em.logosny.org/wp-content/plugins/revslider/public/assets/js/jquery.themepunch.revolution.min5223.js]
[em.logosny.org/wp-content/themes/NativeChurch/assets/js/modernizrfdba.js]
[em.logosny.org/xmlrpc0db0.php]
[em.logosny.org/wp-json/index.html]
[em.logosny.org/wp-includes/wlwmanifest.xml]
[em.logosny.org/wp-json/oembed/1.0/embed2e60.html]
[em.logosny.org/wp-json/oembed/1.0/embed3739.html]
[em.logosny.org/wp-content/uploads/2016/10/beige.jpg]
[em.logosny.org/wp-content/uploads/2016/11/LCC-EM-Website-Logo-e1478292276929.png]
[em.logosny.org/wp-content/uploads/2016/11/LCC-EM-Website-Logo-1-e1478292455533.png]
[em.logosny.org/about.html]
[em.logosny.org/about/who-we-are.html]
[em.logosny.org/about/vision-and-mission.html]
[em.logosny.org/about/staff.html]
[em.logosny.org/im-new.html]
[em.logosny.org/im-new/welcome.html]
[em.logosny.org/im-new/times-and-location.html]
[em.logosny.org/im-new/children-and-youth.html]
[em.logosny.org/im-new/find-a-fellowship.html]
[em.logosny.org/im-new/common-questions.html]
[em.logosny.org/im-new/connect-with-us.html]
[em.logosny.org/connect.html]
[em.logosny.org/connect/fellowships.html]
[em.logosny.org/connect/basketball.html]
[em.logosny.org/connect/calendar.html]
[em.logosny.org/connect/connect-with-us.html]
[em.logosny.org/ministries.html]
[em.logosny.org/sermon.html]
[em.logosny.org/wp-content/plugins/revslider/admin/assets/images/transparent.png]
[em.logosny.org/wp-content/uploads/2017/01/Welcome-Slider.png]
[em.logosny.org/index.html]
[em.logosny.org/xmlrpc.php]
[em.logosny.org/feed.html]
[em.logosny.org/comments/feed.html]
[em.logosny.org/home/feed.html]
[em.logosny.org/wp-content/plugins/social-media-icons-widget/css/social_icons_widget0606.css]
[em.logosny.org/wp-includes/css/dist/block-library/style.min0606.css]
[em.logosny.org/wp-content/plugins/revslider/public/assets/fonts/revicons/revicons90c6.eot]
[em.logosny.org/wp-content/plugins/revslider/public/assets/fonts/revicons/revicons90c6.woff]
[em.logosny.org/wp-content/plugins/revslider/public/assets/fonts/revicons/revicons90c6.ttf]
[em.logosny.org/wp-content/plugins/revslider/public/assets/assets/gridtile.png]
[em.logosny.org/wp-content/plugins/revslider/public/assets/assets/gridtile_white.png]
[em.logosny.org/wp-content/plugins/revslider/public/assets/assets/gridtile_3x3.png]
[em.logosny.org/wp-content/plugins/revslider/public/assets/assets/gridtile_3x3_white.png]
[em.logosny.org/wp-content/plugins/revslider/public/assets/assets/coloredbg.png]
[em.logosny.org/wp-content/plugins/revslider/public/assets/assets/loader.gif]
[em.logosny.org/wp-content/plugins/revslider/public/assets/css/settings5223.css]
[em.logosny.org/wp-content/plugins/siteorigin-panels/css/front-flex.minc7da.css]
[em.logosny.org/wp-content/themes/NativeChurch/assets/css/bootstrap583f.css]
[em.logosny.org/wp-content/themes/NativeChurch/assets/css/fonts/fontawesome-webfont9efe.eot]
[em.logosny.org/wp-content/themes/NativeChurch/assets/css/fonts/fontawesome-webfontd41d.eot]
[em.logosny.org/wp-content/themes/NativeChurch/assets/css/fonts/fontawesome-webfont9efe.woff2]
[em.logosny.org/wp-content/themes/NativeChurch/assets/css/fonts/fontawesome-webfont9efe.woff]
[em.logosny.org/wp-content/themes/NativeChurch/assets/css/fonts/fontawesome-webfont9efe.ttf]
[em.logosny.org/wp-content/themes/NativeChurch/assets/css/font-awesome583f.css]
[em.logosny.org/wp-content/themes/NativeChurch/assets/css/animations583f.css]
[em.logosny.org/wp-content/themes/NativeChurch/assets/vendor/mediaelement/bigplay.png]
[em.logosny.org/wp-content/themes/NativeChurch/assets/vendor/mediaelement/background.png]
[em.logosny.org/wp-content/themes/NativeChurch/assets/vendor/mediaelement/loading.gif]
[em.logosny.org/wp-content/themes/NativeChurch/assets/vendor/mediaelement/controls.png]
[em.logosny.org/wp-content/themes/NativeChurch/assets/vendor/mediaelement/jumpforward.png]
[em.logosny.org/wp-content/themes/NativeChurch/assets/vendor/mediaelement/skipback.png]
[em.logosny.org/wp-content/themes/NativeChurch/assets/vendor/mediaelement/mediaelementplayer583f.css]
[em.logosny.org/wp-content/themes/NativeChurch/assets/images/checkers.png]
[em.logosny.org/wp-content/themes/NativeChurch/assets/images/pattern.png]
[em.logosny.org/wp-content/themes/NativeChurch/assets/images/loader.gif]
[em.logosny.org/wp-content/themes/NativeChurch/assets/images/album-disk.png]
[em.logosny.org/wp-content/themes/NativeChurch/assets/images/album-cover.png]
[em.logosny.org/wp-content/themes/NativeChurch/style583f.css]
[em.logosny.org/wp-content/themes/NativeChurch/assets/vendor/magnific/magnific-popup583f.css]
[em.logosny.org/wp-content/themes/NativeChurch/assets/vendor/fullcalendar/fullcalendar.min583f.css]
[em.logosny.org/wp-content/themes/NativeChurch/assets/vendor/fullcalendar/fullcalendar.print583f.css]
[em.logosny.org/wp-json/index.html]
[em.logosny.org/_http_/em.logosny.org/_.html]
[em.logosny.org/wp-json/oembed/1.0/embed2e60.html]
[em.logosny.org/wp-json/oembed/1.0/embed3739.html]
[em.logosny.org/about/feed.html]
[em.logosny.org/wp-json/oembed/1.0/embede3a5.html]
[em.logosny.org/index2dc4.html]
[em.logosny.org/wp-json/oembed/1.0/embed4a4b.html]
[em.logosny.org/wp-content/uploads/2014/02/1200x200.png]
[em.logosny.org/wp-content/uploads/2016/10/Logo-1.png]
[em.logosny.org/wp-content/themes/NativeChurch/assets/vendor/fullcalendar/lib/moment.min583f.js]
[em.logosny.org/about/who-we-are/index.html]
[em.logosny.org/wp-content/themes/NativeChurch/assets/vendor/magnific/jquery.magnific-popup.min583f.js]
[em.logosny.org/wp-content/themes/NativeChurch/assets/js/event_script583f.js]
[em.logosny.org/wp-content/themes/NativeChurch/assets/js/helper-plugins583f.js]
[em.logosny.org/wp-content/themes/NativeChurch/assets/js/bootstrap583f.js]
[em.logosny.org/wp-content/themes/NativeChurch/assets/js/waypoints583f.js]
[em.logosny.org/wp-content/themes/NativeChurch/assets/vendor/mediaelement/mediaelement-and-player.min583f.js]
[em.logosny.org/wp-content/themes/NativeChurch/assets/vendor/flexslider/js/jquery.flexslider583f.js]
[em.logosny.org/wp-content/themes/NativeChurch/assets/vendor/countdown/js/jquery.countdown.min583f.js]
[em.logosny.org/wp-content/themes/NativeChurch/assets/vendor/countdown/js/countdown.init583f.js]
[em.logosny.org/wp-content/themes/NativeChurch/assets/js/sticky583f.js]
[em.logosny.org/wp-content/themes/NativeChurch/assets/js/init583f.js]
[em.logosny.org/wp-includes/js/comment-reply.min0606.js]
[em.logosny.org/wp-content/themes/NativeChurch/assets/js/agent-register0606.js]
[em.logosny.org/wp-content/themes/NativeChurch/assets/js/event_ajax0606.js]
[em.logosny.org/wp-includes/js/wp-embed.min0606.js]
[em.logosny.org/about.html]
[em.logosny.org/wp-json/oembed/1.0/embedc004.html]
[em.logosny.org/index9af7.html]
[em.logosny.org/wp-json/oembed/1.0/embedb099.html]
[em.logosny.org/wp-content/uploads/2016/10/Who-We-Are-Banner.png]
[em.logosny.org/about/who-we-are.html]
[em.logosny.org/wp-json/oembed/1.0/embed47c4.html]
[em.logosny.org/index6239.html]
[em.logosny.org/wp-json/oembed/1.0/embed1c1d.html]
[em.logosny.org/wp-content/uploads/2016/09/Website-Banners.png]
[em.logosny.org/about/vision-and-mission.html]
[em.logosny.org/about/staff/feed.html]
[em.logosny.org/wp-json/oembed/1.0/embed8cb7.html]
[em.logosny.org/index1c00.html]
[em.logosny.org/wp-json/oembed/1.0/embed1e38.html]
[em.logosny.org/wp-content/uploads/2016/10/Website-Banners-2.png]
[em.logosny.org/staff/keith-loo.html]
[em.logosny.org/wp-content/uploads/2016/09/3Q7A2828-2-e1479160020462.jpg]
[em.logosny.org/staff/mary-leung.html]
[em.logosny.org/wp-content/uploads/2016/09/3Q7A2829-e1479160309667.jpg]
[em.logosny.org/about/staff.html]
[em.logosny.org/wp-json/oembed/1.0/embed596e.html]
[em.logosny.org/index5998.html]
[em.logosny.org/wp-json/oembed/1.0/embedec9c.html]
[em.logosny.org/im-new.html]
[em.logosny.org/wp-json/oembed/1.0/embed841a.html]
[em.logosny.org/indexc547.html]
[em.logosny.org/wp-json/oembed/1.0/embed4b85.html]
[em.logosny.org/wp-content/uploads/2016/10/Website-Banners-8.png]
[em.logosny.org/wp-content/uploads/2016/09/IMG_3557-200x300.jpg]
[em.logosny.org/im-new/welcome.html]
[em.logosny.org/wp-json/oembed/1.0/embed5ea3.html]
[em.logosny.org/index7270.html]
[em.logosny.org/wp-json/oembed/1.0/embed09e0.html]
[em.logosny.org/wp-content/uploads/2016/10/Website-Banners-2-1.png]
[em.logosny.org/wp-content/plugins/so-widgets-bundle/js/sow.google-map.min71b1.js]
[em.logosny.org/im-new/times-and-location.html]
[em.logosny.org/wp-json/oembed/1.0/embed858a.html]
[em.logosny.org/indexd0d3.html]
[em.logosny.org/wp-json/oembed/1.0/embedb0e0.html]
[em.logosny.org/wp-content/uploads/2016/10/Website-Banners.png]
[em.logosny.org/im-new/children-and-youth.html]
[em.logosny.org/wp-json/oembed/1.0/embed5559.html]
[em.logosny.org/indexbb46.html]
[em.logosny.org/wp-json/oembed/1.0/embed040a.html]
[em.logosny.org/wp-content/uploads/2016/10/Website-Banners-6.png]
[em.logosny.org/im-new/find-a-fellowship.html]
[em.logosny.org/connect/fellowships/index.html]
[em.logosny.org/wp-json/oembed/1.0/embedfb30.html]
[em.logosny.org/index3ba5.html]
[em.logosny.org/wp-json/oembed/1.0/embed8e8c.html]
[em.logosny.org/wp-content/uploads/2016/10/Common-Questions-Banner.png]
[em.logosny.org/im-new/common-questions.html]
[em.logosny.org/im-new/children-and-youth/index.html]
[em.logosny.org/wp-json/oembed/1.0/embed7072.html]
[em.logosny.org/indexcf93.html]
[em.logosny.org/wp-json/oembed/1.0/embed144e.html]
[em.logosny.org/wp-content/uploads/2016/10/Website-Banners-4.png]
[em.logosny.org/wp-content/plugins/so-widgets-bundle/widgets/contact/js/contact.min71b1.js]
[em.logosny.org/im-new/connect-with-us.html]
[em.logosny.org/wp-json/oembed/1.0/embed8a5c.html]
[em.logosny.org/index470a.html]
[em.logosny.org/wp-json/oembed/1.0/embededea.html]
[em.logosny.org/connect.html]
[em.logosny.org/wp-json/oembed/1.0/embed11a9.html]
[em.logosny.org/indexc052.html]
[em.logosny.org/wp-json/oembed/1.0/embeda6de.html]
[em.logosny.org/wp-content/uploads/2016/10/Website-Banners-5.png]
[em.logosny.org/wp-content/uploads/2016/09/3Q7A0638-300x200.jpg]
[em.logosny.org/wp-content/uploads/2016/09/3Q7A2290-300x200.jpg]
[em.logosny.org/wp-content/uploads/2016/09/12304327_10153738646526182_6187311195498950932_o-e1481385781405-300x200.jpg]
[em.logosny.org/wp-content/uploads/2016/09/20161217_214350-e1487816611370-300x200.jpg]
[em.logosny.org/connect/fellowships.html]
[em.logosny.org/wp-json/oembed/1.0/embed45d1.html]
[em.logosny.org/index6c4a.html]
[em.logosny.org/wp-json/oembed/1.0/embed0701.html]
[em.logosny.org/wp-content/uploads/2016/10/Website-Banners-7.png]
[em.logosny.org/connect/basketball.html]
[em.logosny.org/connect/calendar/feed.html]
[em.logosny.org/wp-json/oembed/1.0/embed27c5.html]
[em.logosny.org/indexd7d8.html]
[em.logosny.org/wp-json/oembed/1.0/embed9dd8.html]
[em.logosny.org/wp-content/uploads/2016/10/Website-Banners-4-1.png]
[em.logosny.org/wp-content/themes/NativeChurch/assets/vendor/fullcalendar/fullcalendar.min583f.js]
[em.logosny.org/wp-content/themes/NativeChurch/assets/vendor/fullcalendar/gcal583f.js]
[em.logosny.org/wp-content/themes/NativeChurch/assets/js/calender_events583f.js]
[em.logosny.org/connect/calendar.html]
[em.logosny.org/wp-json/oembed/1.0/embed4464.html]
[em.logosny.org/indexbd60.html]
[em.logosny.org/wp-json/oembed/1.0/embedc033.html]
[em.logosny.org/connect/connect-with-us.html]
[em.logosny.org/wp-json/oembed/1.0/embedaad0.html]
[em.logosny.org/index0d89.html]
[em.logosny.org/wp-json/oembed/1.0/embed62ae.html]
[em.logosny.org/wp-content/uploads/2016/10/Website-Banners-9.png]
[em.logosny.org/wp-content/uploads/2016/10/Basketball-1000x768.jpg]
[em.logosny.org/wp-content/uploads/2016/10/Basketball-600x400.jpg]
[em.logosny.org/wp-content/uploads/2016/10/Discipleship-1000x768.jpg]
[em.logosny.org/wp-content/uploads/2016/10/Discipleship-600x400.jpg]
[em.logosny.org/wp-content/uploads/2016/10/Fellowships-1000x768.jpg]
[em.logosny.org/wp-content/uploads/2016/10/Fellowships-600x400.jpg]
[em.logosny.org/wp-content/uploads/2016/10/Prayer-1000x768.jpg]
[em.logosny.org/wp-content/uploads/2016/10/Prayer-600x400.jpg]
[em.logosny.org/wp-content/uploads/2016/10/Technology-1000x768.jpg]
[em.logosny.org/wp-content/uploads/2016/10/Technology-600x400.jpg]
[em.logosny.org/wp-content/uploads/2016/10/Usher-1000x768.jpg]
[em.logosny.org/wp-content/uploads/2016/10/Usher-600x400.jpg]
[em.logosny.org/wp-content/uploads/2016/10/Welcome-1000x768.jpg]
[em.logosny.org/wp-content/uploads/2016/10/Welcome-600x400.jpg]
[em.logosny.org/wp-content/uploads/2016/10/WORSHIP-1000x768.jpg]
[em.logosny.org/wp-content/uploads/2016/10/WORSHIP-600x400.jpg]
[em.logosny.org/ministries.html]
[em.logosny.org/wp-json/oembed/1.0/embed0901.html]
[em.logosny.org/index203c.html]
[em.logosny.org/wp-json/oembed/1.0/embed1650.html]
[em.logosny.org/wp-content/uploads/2016/10/Website-Banners-1.png]
[em.logosny.org/sermon/twentynineteen.html]
[em.logosny.org/sermon/twentynineteen-2.html]
[em.logosny.org/sermon/twentyeighteen.html]
[em.logosny.org/sermon/twentysixteen.html]
[em.logosny.org/sermon.html]
[em.logosny.org/wp-content/plugins/revslider/public/assets/fonts/revicons/revicons90c6.svg]
[em.logosny.org/wp-content/plugins/revslider/public/assets/css/openhand.html]
[em.logosny.org/wp-content/plugins/revslider/public/assets/css/closedhand.html]
[em.logosny.org/wp-content/themes/NativeChurch/assets/css/fonts/fontawesome-webfont9efe.svg]
[em.logosny.org/wp-content/themes/NativeChurch/assets/vendor/mediaelement/bigplay.svg]
[em.logosny.org/wp-content/themes/NativeChurch/assets/vendor/mediaelement/controls.svg]
[em.logosny.org/_http_/em.logosny.org/_.html]
[em.logosny.org/about/feed.html]
[em.logosny.org/index2dc4.html]
[em.logosny.org/wp-content/uploads/2017/01/Welcome-Slider.png]
[em.logosny.org/sermon/twentyseventeen.html]
[em.logosny.org/_http_/em.logosny.org/about/_.html]
[em.logosny.org/wp-json/oembed/1.0/embede3a5.html]
[em.logosny.org/wp-json/oembed/1.0/embed4a4b.html]
[em.logosny.org/about/who-we-are/index.html]
[em.logosny.org/index9af7.html]
[em.logosny.org/_http_/em.logosny.org/about/who-we-are/_.html]
[em.logosny.org/wp-json/oembed/1.0/embedc004.html]
[em.logosny.org/wp-json/oembed/1.0/embedb099.html]
[em.logosny.org/index6239.html]
[em.logosny.org/wp-content/uploads/2016/10/Who-We-Are-Banner.png]
[em.logosny.org/_http_/em.logosny.org/about/vision-and-mission/_.html]
[em.logosny.org/wp-json/oembed/1.0/embed47c4.html]
[em.logosny.org/wp-json/oembed/1.0/embed1c1d.html]
[em.logosny.org/wp-content/uploads/2016/09/Website-Banners.png]
[em.logosny.org/about/staff/feed.html]
[em.logosny.org/index1c00.html]
[em.logosny.org/_http_/em.logosny.org/about/staff/_.html]
[em.logosny.org/wp-json/oembed/1.0/embed8cb7.html]
[em.logosny.org/wp-json/oembed/1.0/embed1e38.html]
[em.logosny.org/wp-json/oembed/1.0/embedf098.html]
[em.logosny.org/index08e2.html]
[em.logosny.org/wp-json/oembed/1.0/embed58b3.html]
[em.logosny.org/staff/keith-loo.html]
[em.logosny.org/wp-json/oembed/1.0/embed15e9.html]
[em.logosny.org/index049d.html]
[em.logosny.org/staff/mary-leung.html]
[em.logosny.org/index5998.html]
[em.logosny.org/wp-json/oembed/1.0/embed67bc.html]
[em.logosny.org/_http_/em.logosny.org/im-new/_.html]
[em.logosny.org/wp-json/oembed/1.0/embed596e.html]
[em.logosny.org/wp-json/oembed/1.0/embedec9c.html]
[em.logosny.org/indexc547.html]
[em.logosny.org/_http_/em.logosny.org/im-new/welcome/_.html]
[em.logosny.org/wp-json/oembed/1.0/embed841a.html]
[em.logosny.org/wp-json/oembed/1.0/embed4b85.html]
[em.logosny.org/wp-content/uploads/siteorigin-widgets/sow-image-default-ad2c8d41f7a10606.css]
[em.logosny.org/index7270.html]
[em.logosny.org/wp-content/uploads/2016/10/Website-Banners-8.png]
[em.logosny.org/_http_/em.logosny.org/im-new/times-and-location/_.html]
[em.logosny.org/wp-json/oembed/1.0/embed5ea3.html]
[em.logosny.org/wp-json/oembed/1.0/embed09e0.html]
[em.logosny.org/wp-content/uploads/2016/10/Website-Banners-2-1.png]
[em.logosny.org/wp-content/plugins/so-widgets-bundle/widgets/google-map/css/style71b1.css]
[em.logosny.org/indexd0d3.html]
[em.logosny.org/_http_/em.logosny.org/im-new/children-and-youth/_.html]
[em.logosny.org/wp-json/oembed/1.0/embed858a.html]
[em.logosny.org/wp-json/oembed/1.0/embedb0e0.html]
[em.logosny.org/wp-content/uploads/2016/10/Website-Banners.png]
[em.logosny.org/indexbb46.html]
[em.logosny.org/_http_/em.logosny.org/im-new/find-a-fellowship/_.html]
[em.logosny.org/wp-json/oembed/1.0/embed5559.html]
[em.logosny.org/wp-json/oembed/1.0/embed040a.html]
[em.logosny.org/wp-content/uploads/2016/10/Website-Banners-6.png]
[em.logosny.org/connect/fellowships/index.html]
[em.logosny.org/index3ba5.html]
[em.logosny.org/_http_/em.logosny.org/im-new/common-questions/_.html]
[em.logosny.org/wp-json/oembed/1.0/embedfb30.html]
[em.logosny.org/wp-json/oembed/1.0/embed8e8c.html]
[em.logosny.org/im-new/children-and-youth/index.html]
[em.logosny.org/indexcf93.html]
[em.logosny.org/_http_/em.logosny.org/im-new/connect-with-us/_.html]
[em.logosny.org/wp-json/oembed/1.0/embed7072.html]
[em.logosny.org/wp-json/oembed/1.0/embed144e.html]
[em.logosny.org/wp-content/uploads/siteorigin-widgets/sow-contact-form-default-cd45b80596240606.css]
[em.logosny.org/index470a.html]
[em.logosny.org/_http_/em.logosny.org/connect/_.html]
[em.logosny.org/wp-json/oembed/1.0/embed8a5c.html]
[em.logosny.org/wp-json/oembed/1.0/embededea.html]
[em.logosny.org/indexc052.html]
[em.logosny.org/_http_/em.logosny.org/connect/fellowships/_.html]
[em.logosny.org/wp-json/oembed/1.0/embed11a9.html]
[em.logosny.org/wp-json/oembed/1.0/embeda6de.html]
[em.logosny.org/wp-content/uploads/2016/10/Website-Banners-5.png]
[em.logosny.org/index6c4a.html]
[em.logosny.org/_http_/em.logosny.org/connect/basketball/_.html]
[em.logosny.org/wp-json/oembed/1.0/embed45d1.html]
[em.logosny.org/wp-json/oembed/1.0/embed0701.html]
[em.logosny.org/connect/calendar/feed.html]
[em.logosny.org/indexd7d8.html]
[em.logosny.org/wp-content/uploads/2016/10/Website-Banners-7.png]
[em.logosny.org/_http_/em.logosny.org/connect/calendar/_.html]
[em.logosny.org/wp-json/oembed/1.0/embed27c5.html]
[em.logosny.org/wp-json/oembed/1.0/embed9dd8.html]
[em.logosny.org/indexbd60.html]
[em.logosny.org/wp-content/uploads/2016/10/Website-Banners-4-1.png]
[em.logosny.org/_http_/em.logosny.org/connect/connect-with-us/_.html]
[em.logosny.org/wp-json/oembed/1.0/embed4464.html]
[em.logosny.org/wp-json/oembed/1.0/embedc033.html]
[em.logosny.org/index0d89.html]
[em.logosny.org/_http_/em.logosny.org/ministries/_.html]
[em.logosny.org/wp-json/oembed/1.0/embedaad0.html]
[em.logosny.org/wp-json/oembed/1.0/embed62ae.html]
[em.logosny.org/wp-content/uploads/2016/10/Website-Banners-9.png]
[em.logosny.org/index203c.html]
[em.logosny.org/_http_/em.logosny.org/sermon/_.html]
[em.logosny.org/wp-json/oembed/1.0/embed0901.html]
[em.logosny.org/wp-json/oembed/1.0/embed1650.html]
[em.logosny.org/wp-json/oembed/1.0/embed4166.html]
[em.logosny.org/indexae71.html]
[em.logosny.org/wp-json/oembed/1.0/embed8317.html]
[em.logosny.org/wp-content/uploads/2019/05/2019-12-29-Recording2.mp3]
[em.logosny.org/wp-content/uploads/2019/01/AUX1-2-7.mp3]
[em.logosny.org/wp-includes/js/mediaelement/mediaelement-and-player.min45a0.js]
[em.logosny.org/wp-includes/js/mediaelement/mediaelement-migrate.min0606.js]
[em.logosny.org/wp-content/plugins/cue/assets/js/vendor/jquery.cue.min9030.js]
[em.logosny.org/wp-content/plugins/cue/assets/js/cue.mina1ec.js]
[em.logosny.org/sermon/twentynineteen.html]
[em.logosny.org/wp-json/oembed/1.0/embed006b.html]
[em.logosny.org/indexf770.html]
[em.logosny.org/wp-json/oembed/1.0/embedd9af.html]
[em.logosny.org/wp-content/uploads/2019/07/2020-02-02-Recording.mp3]
[em.logosny.org/sermon/twentynineteen-2.html]
[em.logosny.org/wp-json/oembed/1.0/embed4732.html]
[em.logosny.org/indexc8dc.html]
[em.logosny.org/wp-json/oembed/1.0/embed35fa.html]
[em.logosny.org/wp-content/uploads/2018/04/done.mp3]
